// Jest Snapshot v1, https://goo.gl/fbAQLP

exports[`renders correctly 1`] = `
<div
  className="Viewer"
>
  <div
    className="Viewer__container"
  >
    <h1
      className="Viewer__title"
    >
      标题
    </h1>
    <div
      className="Viewer__detail"
    >
      <img
        alt="avatar"
        className="Viewer__image"
        src="http://baidu.com"
      />
      <span
        className="Viewer__detail-list"
      >
        <span
          className="Viewer__detail-name"
        >
          名字
        </span>
        <span
          className="Viewer__detail-bio"
        >
          名言
        </span>
      </span>
    </div>
  </div>
</div>
`;
