// Jest Snapshot v1, https://goo.gl/fbAQLP

exports[`renders Side component correctly 1`] = `
<div
  className="Side__container"
>
  <div
    className="Side__nav"
  >
    <a
      aria-current="page"
      className="Side__nav-item active"
      href="/"
      onClick={[Function]}
      style={Object {}}
    >
      <i
        className="icon icon-dashboard"
      />
      主页
    </a>
    <a
      aria-current={null}
      className="Side__nav-item"
      href="/article"
      onClick={[Function]}
    >
      <i
        className="icon icon-sitemap"
      />
      文章
    </a>
    <a
      aria-current={null}
      className="Side__nav-item"
      href="/repository"
      onClick={[Function]}
    >
      <i
        className="icon icon-boat"
      />
      仓库
    </a>
  </div>
  <div
    className="Side__history"
  >
    <h3
      className="Side__history-title"
    >
      友链
    </h3>
    <ul
      className="Side__history-content"
    >
      <li>
        <a
          href="void(0)"
        >
          2e23e2e03/Acceptance_test
        </a>
      </li>
      <li>
        <a
          href="void(0)"
        >
          2e23e2e03/Acceptance_test
        </a>
      </li>
      <li>
        <a
          href="void(0)"
        >
          2e23e2e03/Acceptance_test
        </a>
      </li>
      <li>
        <a
          href="void(0)"
        >
          2e23e2e03/Acceptance_test
        </a>
      </li>
      <li>
        <a
          href="void(0)"
        >
          2e23e2e03/Acceptance_test
        </a>
      </li>
      <li>
        <a
          href="void(0)"
        >
          2e23e2e03/Acceptance_test
        </a>
      </li>
      <li>
        <a
          href="void(0)"
        >
          2e23e2e03/Acceptance_test
        </a>
      </li>
      <li>
        <a
          href="void(0)"
        >
          2e23e2e03/Acceptance_test
        </a>
      </li>
      <li>
        <a
          href="void(0)"
        >
          2e23e2e03/Acceptance_test
        </a>
      </li>
      <li>
        <a
          href="void(0)"
        >
          2e23e2e03/Acceptance_test
        </a>
      </li>
    </ul>
  </div>
</div>
`;
