// Jest Snapshot v1, https://goo.gl/fbAQLP

exports[`renders Side component correctly 1`] = `
<div
  className="Side__container"
>
  <div
    className="Side__nav"
  >
    <a
      aria-current="page"
      className="Side__nav-item active"
      href="/"
      onClick={[Function]}
      style={Object {}}
    >
      <i
        className="icon icon-dashboard"
      />
      主页
    </a>
    <a
      aria-current={null}
      className="Side__nav-item"
      href="/article"
      onClick={[Function]}
    >
      <i
        className="icon icon-dashboard"
      />
      文章
    </a>
    <a
      aria-current={null}
      className="Side__nav-item"
      href="/repository"
      onClick={[Function]}
    >
      <i
        className="icon icon-dashboard"
      />
      仓库
    </a>
  </div>
</div>
`;
